{
  "output": "jurisynth\\evaluation_artifacts\\global_natural_candidate_packet.json",
  "markdown": "jurisynth\\evaluation_artifacts\\GLOBAL_NATURAL_CANDIDATE_PACKET.md",
  "case_count": 20,
  "category_counts": {
    "obligation_prohibition": 3,
    "definition_scope": 4,
    "procedure_deadline": 4,
    "cross_document_dependent": 6,
    "table": 3
  }
}
{
  "output": "jurisynth\\evaluation_artifacts\\global_natural_candidate_packet.json",
  "markdown": "jurisynth\\evaluation_artifacts\\GLOBAL_NATURAL_CANDIDATE_PACKET.md",
  "case_count": 20,
  "category_counts": {
    "obligation_prohibition": 3,
    "definition_scope": 4,
    "procedure_deadline": 4,
    "cross_document_dependent": 6,
    "table": 3
  }
}
{
  "output": "jurisynth\\evaluation_artifacts\\global_natural_candidate_packet.json",
  "markdown": "jurisynth\\evaluation_artifacts\\GLOBAL_NATURAL_CANDIDATE_PACKET.md",
  "case_count": 20,
  "category_counts": {
    "obligation_prohibition": 3,
    "definition_scope": 4,
    "procedure_deadline": 4,
    "cross_document_dependent": 6,
    "table": 3
  }
}
{
  "output": "jurisynth\\evaluation_artifacts\\global_natural_candidate_packet.json",
  "markdown": "jurisynth\\evaluation_artifacts\\GLOBAL_NATURAL_CANDIDATE_PACKET.md",
  "case_count": 20,
  "category_counts": {
    "obligation_prohibition": 3,
    "definition_scope": 4,
    "procedure_deadline": 4,
    "cross_document_dependent": 6,
    "table": 3
  }
}
