{"completed": 1, "total": 40, "case_id": "global_assertion_00141", "seconds": 9.368, "status": "success"}
{"completed": 2, "total": 40, "case_id": "global_assertion_00107", "seconds": 8.746, "status": "success"}
{"completed": 3, "total": 40, "case_id": "global_assertion_00137", "seconds": 8.391, "status": "success"}
{"completed": 4, "total": 40, "case_id": "global_assertion_00068", "seconds": 8.85, "status": "success"}
{"completed": 5, "total": 40, "case_id": "global_assertion_00120", "seconds": 8.346, "status": "success"}
{"completed": 6, "total": 40, "case_id": "global_assertion_00136", "seconds": 8.702, "status": "success"}
{"completed": 7, "total": 40, "case_id": "global_assertion_00191", "seconds": 8.461, "status": "success"}
{"completed": 8, "total": 40, "case_id": "global_assertion_00194", "seconds": 8.011, "status": "success"}
{"completed": 9, "total": 40, "case_id": "global_assertion_00085", "seconds": 8.157, "status": "success"}
{"completed": 10, "total": 40, "case_id": "global_assertion_00114", "seconds": 8.233, "status": "success"}
{"completed": 11, "total": 40, "case_id": "global_assertion_00112", "seconds": 7.876, "status": "success"}
{"completed": 12, "total": 40, "case_id": "global_assertion_00168", "seconds": 8.561, "status": "success"}
{"completed": 13, "total": 40, "case_id": "global_assertion_00145", "seconds": 8.171, "status": "success"}
{"completed": 14, "total": 40, "case_id": "global_assertion_00100", "seconds": 7.964, "status": "success"}
{"completed": 15, "total": 40, "case_id": "global_assertion_00036", "seconds": 8.44, "status": "success"}
{"completed": 16, "total": 40, "case_id": "global_assertion_00176", "seconds": 7.921, "status": "success"}
{"completed": 17, "total": 40, "case_id": "global_assertion_00021", "seconds": 8.424, "status": "success"}
{"completed": 18, "total": 40, "case_id": "global_assertion_00094", "seconds": 9.067, "status": "success"}
{"completed": 19, "total": 40, "case_id": "global_assertion_00185", "seconds": 8.423, "status": "success"}
{"completed": 20, "total": 40, "case_id": "global_assertion_00057", "seconds": 8.447, "status": "success"}
{"completed": 21, "total": 40, "case_id": "global_assertion_00196", "seconds": 6.945, "status": "success"}
{"completed": 22, "total": 40, "case_id": "global_assertion_00165", "seconds": 7.944, "status": "success"}
{"completed": 23, "total": 40, "case_id": "global_assertion_00115", "seconds": 7.706, "status": "success"}
{"completed": 24, "total": 40, "case_id": "global_assertion_00131", "seconds": 7.698, "status": "success"}
{"completed": 25, "total": 40, "case_id": "global_assertion_00069", "seconds": 7.55, "status": "success"}
{"completed": 26, "total": 40, "case_id": "global_assertion_00102", "seconds": 7.433, "status": "success"}
{"completed": 27, "total": 40, "case_id": "global_assertion_00160", "seconds": 7.143, "status": "success"}
{"completed": 28, "total": 40, "case_id": "global_assertion_00103", "seconds": 7.451, "status": "success"}
{"completed": 29, "total": 40, "case_id": "global_assertion_00020", "seconds": 7.074, "status": "success"}
{"completed": 30, "total": 40, "case_id": "global_assertion_00030", "seconds": 7.302, "status": "success"}
{"completed": 31, "total": 40, "case_id": "global_assertion_00042", "seconds": 7.833, "status": "success"}
{"completed": 32, "total": 40, "case_id": "global_assertion_00012", "seconds": 8.369, "status": "success"}
{"completed": 33, "total": 40, "case_id": "global_assertion_00180", "seconds": 8.447, "status": "success"}
{"completed": 34, "total": 40, "case_id": "global_assertion_00038", "seconds": 7.832, "status": "success"}
{"completed": 35, "total": 40, "case_id": "global_assertion_00037", "seconds": 8.419, "status": "success"}
{"completed": 36, "total": 40, "case_id": "global_assertion_00142", "seconds": 7.865, "status": "success"}
{"completed": 37, "total": 40, "case_id": "global_assertion_00125", "seconds": 7.549, "status": "success"}
{"completed": 38, "total": 40, "case_id": "global_assertion_00166", "seconds": 7.906, "status": "success"}
{"completed": 39, "total": 40, "case_id": "global_assertion_00106", "seconds": 8.302, "status": "success"}
{"completed": 40, "total": 40, "case_id": "global_assertion_00187", "seconds": 8.05, "status": "success"}
{
  "assertion_mrr": 0.15509920634920635,
  "assertion_recall": 0.35,
  "assertion_recall_at_10": 0.35,
  "assertion_recall_at_5": 0.275,
  "case_count": 40,
  "case_kind": "controlled direct-assertion probe; not natural legal-QA",
  "direct_chunk_recall": 0.025,
  "empty_count": 0,
  "error_count": 0,
  "max_quads_per_seed": 50,
  "mean_retrieval_seconds": 8.085,
  "median_retrieval_seconds": 8.104,
  "object_entity_recall": 0.45,
  "observed_peak_rss_mb": 3226.5,
  "p95_retrieval_seconds": 8.85,
  "path_expansion": false,
  "predicate_recall": 0.45,
  "provenance_identity": "document_id+chunk_id",
  "provenance_validity": 0.35,
  "sample_mode": "source-pool",
  "source_graph_count": 40,
  "subject_entity_recall": 0.55,
  "success_count": 40,
  "weak_count": 0
}
