{"completed": 1, "total": 40, "case_id": "global_assertion_00141", "seconds": 9.287, "status": "success"}
{"completed": 2, "total": 40, "case_id": "global_assertion_00107", "seconds": 9.151, "status": "success"}
{"completed": 3, "total": 40, "case_id": "global_assertion_00137", "seconds": 9.307, "status": "success"}
{"completed": 4, "total": 40, "case_id": "global_assertion_00068", "seconds": 9.23, "status": "success"}
{"completed": 5, "total": 40, "case_id": "global_assertion_00120", "seconds": 8.875, "status": "success"}
{"completed": 6, "total": 40, "case_id": "global_assertion_00136", "seconds": 8.834, "status": "success"}
{"completed": 7, "total": 40, "case_id": "global_assertion_00191", "seconds": 9.278, "status": "success"}
{"completed": 8, "total": 40, "case_id": "global_assertion_00194", "seconds": 8.203, "status": "success"}
{"completed": 9, "total": 40, "case_id": "global_assertion_00085", "seconds": 8.656, "status": "success"}
{"completed": 10, "total": 40, "case_id": "global_assertion_00114", "seconds": 8.717, "status": "success"}
{"completed": 11, "total": 40, "case_id": "global_assertion_00112", "seconds": 8.625, "status": "success"}
{"completed": 12, "total": 40, "case_id": "global_assertion_00168", "seconds": 8.55, "status": "success"}
{"completed": 13, "total": 40, "case_id": "global_assertion_00145", "seconds": 8.012, "status": "success"}
{"completed": 14, "total": 40, "case_id": "global_assertion_00100", "seconds": 8.188, "status": "success"}
{"completed": 15, "total": 40, "case_id": "global_assertion_00036", "seconds": 4.683, "status": "success"}
{"completed": 16, "total": 40, "case_id": "global_assertion_00176", "seconds": 6.741, "status": "success"}
{"completed": 17, "total": 40, "case_id": "global_assertion_00021", "seconds": 9.467, "status": "success"}
{"completed": 18, "total": 40, "case_id": "global_assertion_00094", "seconds": 5.204, "status": "success"}
{"completed": 19, "total": 40, "case_id": "global_assertion_00185", "seconds": 4.668, "status": "success"}
{"completed": 20, "total": 40, "case_id": "global_assertion_00057", "seconds": 4.718, "status": "success"}
{"completed": 21, "total": 40, "case_id": "global_assertion_00196", "seconds": 5.034, "status": "success"}
{"completed": 22, "total": 40, "case_id": "global_assertion_00165", "seconds": 4.843, "status": "success"}
{"completed": 23, "total": 40, "case_id": "global_assertion_00115", "seconds": 4.506, "status": "success"}
{"completed": 24, "total": 40, "case_id": "global_assertion_00131", "seconds": 4.606, "status": "success"}
{"completed": 25, "total": 40, "case_id": "global_assertion_00069", "seconds": 4.535, "status": "success"}
{"completed": 26, "total": 40, "case_id": "global_assertion_00102", "seconds": 4.36, "status": "success"}
{"completed": 27, "total": 40, "case_id": "global_assertion_00160", "seconds": 4.303, "status": "success"}
{"completed": 28, "total": 40, "case_id": "global_assertion_00103", "seconds": 4.013, "status": "success"}
{"completed": 29, "total": 40, "case_id": "global_assertion_00020", "seconds": 4.18, "status": "success"}
{"completed": 30, "total": 40, "case_id": "global_assertion_00030", "seconds": 4.628, "status": "success"}
{"completed": 31, "total": 40, "case_id": "global_assertion_00042", "seconds": 4.382, "status": "success"}
{"completed": 32, "total": 40, "case_id": "global_assertion_00012", "seconds": 4.485, "status": "success"}
{"completed": 33, "total": 40, "case_id": "global_assertion_00180", "seconds": 4.379, "status": "success"}
{"completed": 34, "total": 40, "case_id": "global_assertion_00038", "seconds": 4.015, "status": "success"}
{"completed": 35, "total": 40, "case_id": "global_assertion_00037", "seconds": 4.076, "status": "success"}
{"completed": 36, "total": 40, "case_id": "global_assertion_00142", "seconds": 4.276, "status": "success"}
{"completed": 37, "total": 40, "case_id": "global_assertion_00125", "seconds": 4.147, "status": "success"}
{"completed": 38, "total": 40, "case_id": "global_assertion_00166", "seconds": 4.083, "status": "success"}
{"completed": 39, "total": 40, "case_id": "global_assertion_00106", "seconds": 4.085, "status": "success"}
{"completed": 40, "total": 40, "case_id": "global_assertion_00187", "seconds": 3.861, "status": "success"}
{
  "assertion_mrr": 0.15630619858006095,
  "assertion_recall": 0.4,
  "assertion_recall_at_10": 0.35,
  "assertion_recall_at_5": 0.275,
  "case_count": 40,
  "case_kind": "controlled direct-assertion probe; not natural legal-QA",
  "direct_chunk_recall": 0.025,
  "empty_count": 0,
  "error_count": 0,
  "max_quads_per_seed": 100,
  "mean_retrieval_seconds": 6.13,
  "median_retrieval_seconds": 4.7,
  "object_entity_recall": 0.5,
  "observed_peak_rss_mb": 3222.9,
  "p95_retrieval_seconds": 9.287,
  "path_expansion": false,
  "predicate_recall": 0.475,
  "provenance_identity": "document_id+chunk_id",
  "provenance_validity": 0.375,
  "sample_mode": "source-pool",
  "source_graph_count": 40,
  "subject_entity_recall": 0.55,
  "success_count": 40,
  "weak_count": 0
}
